Archive member included to satisfy reference by file (symbol)

/Applications/STM32CubeIDE.app/Contents/Eclipse/plugins/com.st.stm32cube.ide.mcu.externaltools.gnu-tools-for-stm32.11.3.rel1.macos64_1.1.100.202310310803/tools/bin/../lib/gcc/arm-none-eabi/11.3.1/../../../../arm-none-eabi/lib/thumb/v6-m/nofp/libc_nano.a(libc_a-exit.o)
                              /Applications/STM32CubeIDE.app/Contents/Eclipse/plugins/com.st.stm32cube.ide.mcu.externaltools.gnu-tools-for-stm32.11.3.rel1.macos64_1.1.100.202310310803/tools/bin/../lib/gcc/arm-none-eabi/11.3.1/../../../../arm-none-eabi/lib/thumb/v6-m/nofp/crt0.o (exit)
/Applications/STM32CubeIDE.app/Contents/Eclipse/plugins/com.st.stm32cube.ide.mcu.externaltools.gnu-tools-for-stm32.11.3.rel1.macos64_1.1.100.202310310803/tools/bin/../lib/gcc/arm-none-eabi/11.3.1/../../../../arm-none-eabi/lib/thumb/v6-m/nofp/libc_nano.a(libc_a-findfp.o)
                              /Applications/STM32CubeIDE.app/Contents/Eclipse/plugins/com.st.stm32cube.ide.mcu.externaltools.gnu-tools-for-stm32.11.3.rel1.macos64_1.1.100.202310310803/tools/bin/../lib/gcc/arm-none-eabi/11.3.1/../../../../arm-none-eabi/lib/thumb/v6-m/nofp/libc_nano.a(libc_a-exit.o) (__stdio_exit_handler)
/Applications/STM32CubeIDE.app/Contents/Eclipse/plugins/com.st.stm32cube.ide.mcu.externaltools.gnu-tools-for-stm32.11.3.rel1.macos64_1.1.100.202310310803/tools/bin/../lib/gcc/arm-none-eabi/11.3.1/../../../../arm-none-eabi/lib/thumb/v6-m/nofp/libc_nano.a(libc_a-fwalk.o)
                              /Applications/STM32CubeIDE.app/Contents/Eclipse/plugins/com.st.stm32cube.ide.mcu.externaltools.gnu-tools-for-stm32.11.3.rel1.macos64_1.1.100.202310310803/tools/bin/../lib/gcc/arm-none-eabi/11.3.1/../../../../arm-none-eabi/lib/thumb/v6-m/nofp/libc_nano.a(libc_a-findfp.o) (_fwalk_sglue)
/Applications/STM32CubeIDE.app/Contents/Eclipse/plugins/com.st.stm32cube.ide.mcu.externaltools.gnu-tools-for-stm32.11.3.rel1.macos64_1.1.100.202310310803/tools/bin/../lib/gcc/arm-none-eabi/11.3.1/../../../../arm-none-eabi/lib/thumb/v6-m/nofp/libc_nano.a(libc_a-memset.o)
                              /Applications/STM32CubeIDE.app/Contents/Eclipse/plugins/com.st.stm32cube.ide.mcu.externaltools.gnu-tools-for-stm32.11.3.rel1.macos64_1.1.100.202310310803/tools/bin/../lib/gcc/arm-none-eabi/11.3.1/../../../../arm-none-eabi/lib/thumb/v6-m/nofp/crt0.o (memset)
/Applications/STM32CubeIDE.app/Contents/Eclipse/plugins/com.st.stm32cube.ide.mcu.externaltools.gnu-tools-for-stm32.11.3.rel1.macos64_1.1.100.202310310803/tools/bin/../lib/gcc/arm-none-eabi/11.3.1/../../../../arm-none-eabi/lib/thumb/v6-m/nofp/libc_nano.a(libc_a-impure.o)
                              /Applications/STM32CubeIDE.app/Contents/Eclipse/plugins/com.st.stm32cube.ide.mcu.externaltools.gnu-tools-for-stm32.11.3.rel1.macos64_1.1.100.202310310803/tools/bin/../lib/gcc/arm-none-eabi/11.3.1/../../../../arm-none-eabi/lib/thumb/v6-m/nofp/libc_nano.a(libc_a-findfp.o) (_impure_data)
/Applications/STM32CubeIDE.app/Contents/Eclipse/plugins/com.st.stm32cube.ide.mcu.externaltools.gnu-tools-for-stm32.11.3.rel1.macos64_1.1.100.202310310803/tools/bin/../lib/gcc/arm-none-eabi/11.3.1/../../../../arm-none-eabi/lib/thumb/v6-m/nofp/libc_nano.a(libc_a-errno.o)
                              ./Core/Src/syscalls.o (__errno)
/Applications/STM32CubeIDE.app/Contents/Eclipse/plugins/com.st.stm32cube.ide.mcu.externaltools.gnu-tools-for-stm32.11.3.rel1.macos64_1.1.100.202310310803/tools/bin/../lib/gcc/arm-none-eabi/11.3.1/../../../../arm-none-eabi/lib/thumb/v6-m/nofp/libc_nano.a(libc_a-init.o)
                              /Applications/STM32CubeIDE.app/Contents/Eclipse/plugins/com.st.stm32cube.ide.mcu.externaltools.gnu-tools-for-stm32.11.3.rel1.macos64_1.1.100.202310310803/tools/bin/../lib/gcc/arm-none-eabi/11.3.1/../../../../arm-none-eabi/lib/thumb/v6-m/nofp/crt0.o (__libc_init_array)
/Applications/STM32CubeIDE.app/Contents/Eclipse/plugins/com.st.stm32cube.ide.mcu.externaltools.gnu-tools-for-stm32.11.3.rel1.macos64_1.1.100.202310310803/tools/bin/../lib/gcc/arm-none-eabi/11.3.1/../../../../arm-none-eabi/lib/thumb/v6-m/nofp/libc_nano.a(libc_a-lock.o)
                              /Applications/STM32CubeIDE.app/Contents/Eclipse/plugins/com.st.stm32cube.ide.mcu.externaltools.gnu-tools-for-stm32.11.3.rel1.macos64_1.1.100.202310310803/tools/bin/../lib/gcc/arm-none-eabi/11.3.1/../../../../arm-none-eabi/lib/thumb/v6-m/nofp/libc_nano.a(libc_a-findfp.o) (__retarget_lock_init_recursive)
/Applications/STM32CubeIDE.app/Contents/Eclipse/plugins/com.st.stm32cube.ide.mcu.externaltools.gnu-tools-for-stm32.11.3.rel1.macos64_1.1.100.202310310803/tools/bin/../lib/gcc/arm-none-eabi/11.3.1/../../../../arm-none-eabi/lib/thumb/v6-m/nofp/libc_nano.a(libc_a-mallocr.o)
[...]
Memory Configuration

Name             Origin             Length             Attributes
RAM              0x0000000020000000 0x0000000000004000 xrw
FLASH            0x0000000008000000 0x0000000000010000 xr
*default*        0x0000000000000000 0xffffffffffffffff

Linker script and memory map

LOAD /Applications/STM32CubeIDE.app/Contents/Eclipse/plugins/com.st.stm32cube.ide.mcu.externaltools.gnu-tools-for-stm32.11.3.rel1.macos64_1.1.100.202310310803/tools/bin/../lib/gcc/arm-none-eabi/11.3.1/thumb/v6-m/nofp/crti.o
LOAD /Applications/STM32CubeIDE.app/Contents/Eclipse/plugins/com.st.stm32cube.ide.mcu.externaltools.gnu-tools-for-stm32.11.3.rel1.macos64_1.1.100.202310310803/tools/bin/../lib/gcc/arm-none-eabi/11.3.1/thumb/v6-m/nofp/crtbegin.o
LOAD /Applications/STM32CubeIDE.app/Contents/Eclipse/plugins/com.st.stm32cube.ide.mcu.externaltools.gnu-tools-for-stm32.11.3.rel1.macos64_1.1.100.202310310803/tools/bin/../lib/gcc/arm-none-eabi/11.3.1/../../../../arm-none-eabi/lib/thumb/v6-m/nofp/crt0.o
LOAD ./Core/Src/button_controls.o
LOAD ./Core/Src/led_controls.o
LOAD ./Core/Src/main.o
LOAD ./Core/Src/stm32f0xx_hal_msp.o
LOAD ./Core/Src/stm32f0xx_it.o
LOAD ./Core/Src/syscalls.o
LOAD ./Core/Src/sysmem.o
LOAD ./Core/Src/system_stm32f0xx.o
LOAD ./Core/Startup/startup_stm32f072r8tx.o
LOAD ./Drivers/STM32F0xx_HAL_Driver/Src/stm32f0xx_hal.o
LOAD ./Drivers/STM32F0xx_HAL_Driver/Src/stm32f0xx_hal_cortex.o
LOAD ./Drivers/STM32F0xx_HAL_Driver/Src/stm32f0xx_hal_dma.o
LOAD ./Drivers/STM32F0xx_HAL_Driver/Src/stm32f0xx_hal_exti.o
LOAD ./Drivers/STM32F0xx_HAL_Driver/Src/stm32f0xx_hal_flash.o
LOAD ./Drivers/STM32F0xx_HAL_Driver/Src/stm32f0xx_hal_flash_ex.o
LOAD ./Drivers/STM32F0xx_HAL_Driver/Src/stm32f0xx_hal_gpio.o
LOAD ./Drivers/STM32F0xx_HAL_Driver/Src/stm32f0xx_hal_i2c.o
LOAD ./Drivers/STM32F0xx_HAL_Driver/Src/stm32f0xx_hal_i2c_ex.o
LOAD ./Drivers/STM32F0xx_HAL_Driver/Src/stm32f0xx_hal_pwr.o
LOAD ./Drivers/STM32F0xx_HAL_Driver/Src/stm32f0xx_hal_pwr_ex.o
LOAD ./Drivers/STM32F0xx_HAL_Driver/Src/stm32f0xx_hal_rcc.o
LOAD ./Drivers/STM32F0xx_HAL_Driver/Src/stm32f0xx_hal_rcc_ex.o
START GROUP
LOAD /Applications/STM32CubeIDE.app/Contents/Eclipse/plugins/com.st.stm32cube.ide.mcu.externaltools.gnu-tools-for-stm32.11.3.rel1.macos64_1.1.100.202310310803/tools/bin/../lib/gcc/arm-none-eabi/11.3.1/../../../../arm-none-eabi/lib/thumb/v6-m/nofp/libc_nano.a
LOAD /Applications/STM32CubeIDE.app/Contents/Eclipse/plugins/com.st.stm32cube.ide.mcu.externaltools.gnu-tools-for-stm32.11.3.rel1.macos64_1.1.100.202310310803/tools/bin/../lib/gcc/arm-none-eabi/11.3.1/../../../../arm-none-eabi/lib/thumb/v6-m/nofp/libm.a
END GROUP
START GROUP
LOAD /Applications/STM32CubeIDE.app/Contents/Eclipse/plugins/com.st.stm32cube.ide.mcu.externaltools.gnu-tools-for-stm32.11.3.rel1.macos64_1.1.100.202310310803/tools/bin/../lib/gcc/arm-none-eabi/11.3.1/thumb/v6-m/nofp/libgcc.a
LOAD /Applications/STM32CubeIDE.app/Contents/Eclipse/plugins/com.st.stm32cube.ide.mcu.externaltools.gnu-tools-for-stm32.11.3.rel1.macos64_1.1.100.202310310803/tools/bin/../lib/gcc/arm-none-eabi/11.3.1/../../../../arm-none-eabi/lib/thumb/v6-m/nofp/libc_nano.a
END GROUP
START GROUP
LOAD /Applications/STM32CubeIDE.app/Contents/Eclipse/plugins/com.st.stm32cube.ide.mcu.externaltools.gnu-tools-for-stm32.11.3.rel1.macos64_1.1.100.202310310803/tools/bin/../lib/gcc/arm-none-eabi/11.3.1/thumb/v6-m/nofp/libgcc.a
LOAD /Applications/STM32CubeIDE.app/Contents/Eclipse/plugins/com.st.stm32cube.ide.mcu.externaltools.gnu-tools-for-stm32.11.3.rel1.macos64_1.1.100.202310310803/tools/bin/../lib/gcc/arm-none-eabi/11.3.1/../../../../arm-none-eabi/lib/thumb/v6-m/nofp/libc_nano.a
LOAD /Applications/STM32CubeIDE.app/Contents/Eclipse/plugins/com.st.stm32cube.ide.mcu.externaltools.gnu-tools-for-stm32.11.3.rel1.macos64_1.1.100.202310310803/tools/bin/../lib/gcc/arm-none-eabi/11.3.1/../../../../arm-none-eabi/lib/thumb/v6-m/nofp/libnosys.a
END GROUP
START GROUP
LOAD /Applications/STM32CubeIDE.app/Contents/Eclipse/plugins/com.st.stm32cube.ide.mcu.externaltools.gnu-tools-for-stm32.11.3.rel1.macos64_1.1.100.202310310803/tools/bin/../lib/gcc/arm-none-eabi/11.3.1/thumb/v6-m/nofp/libgcc.a
LOAD /Applications/STM32CubeIDE.app/Contents/Eclipse/plugins/com.st.stm32cube.ide.mcu.externaltools.gnu-tools-for-stm32.11.3.rel1.macos64_1.1.100.202310310803/tools/bin/../lib/gcc/arm-none-eabi/11.3.1/../../../../arm-none-eabi/lib/thumb/v6-m/nofp/libc_nano.a
LOAD /Applications/STM32CubeIDE.app/Contents/Eclipse/plugins/com.st.stm32cube.ide.mcu.externaltools.gnu-tools-for-stm32.11.3.rel1.macos64_1.1.100.202310310803/tools/bin/../lib/gcc/arm-none-eabi/11.3.1/../../../../arm-none-eabi/lib/thumb/v6-m/nofp/libnosys.a
END GROUP
LOAD /Applications/STM32CubeIDE.app/Contents/Eclipse/plugins/com.st.stm32cube.ide.mcu.externaltools.gnu-tools-for-stm32.11.3.rel1.macos64_1.1.100.202310310803/tools/bin/../lib/gcc/arm-none-eabi/11.3.1/thumb/v6-m/nofp/crtend.o
LOAD /Applications/STM32CubeIDE.app/Contents/Eclipse/plugins/com.st.stm32cube.ide.mcu.externaltools.gnu-tools-for-stm32.11.3.rel1.macos64_1.1.100.202310310803/tools/bin/../lib/gcc/arm-none-eabi/11.3.1/thumb/v6-m/nofp/crtn.o
                0x0000000020004000                _estack = (ORIGIN (RAM) + LENGTH (RAM))
                0x0000000000000200                _Min_Heap_Size = 0x200
                0x0000000000000400                _Min_Stack_Size = 0x400

.isr_vector     0x0000000008000000       0xc0
                0x0000000008000000                . = ALIGN (0x4)
 *(.isr_vector)
 .isr_vector    0x0000000008000000       0xc0 ./Core/Startup/startup_stm32f072r8tx.o
                0x0000000008000000                g_pfnVectors
                0x00000000080000c0                . = ALIGN (0x4)

.text           0x00000000080000c0     0x1428
                0x00000000080000c0                . = ALIGN (0x4)
 *(.text)
 .text          0x00000000080000c0       0x48 /Applications/STM32CubeIDE.app/Contents/Eclipse/plugins/com.st.stm32cube.ide.mcu.externaltools.gnu-tools-for-stm32.11.3.rel1.macos64_1.1.100.202310310803/tools/bin/../lib/gcc/arm-none-eabi/11.3.1/thumb/v6-m/nofp/crtbegin.o
 .text          0x0000000008000108      0x114 /Applications/STM32CubeIDE.app/Contents/Eclipse/plugins/com.st.stm32cube.ide.mcu.externaltools.gnu-tools-for-stm32.11.3.rel1.macos64_1.1.100.202310310803/tools/bin/../lib/gcc/arm-none-eabi/11.3.1/thumb/v6-m/nofp/libgcc.a(_udivsi3.o)
                0x0000000008000108                __udivsi3
                0x0000000008000108                __aeabi_uidiv
                0x0000000008000214                __aeabi_uidivmod
 .text          0x000000000800021c        0x4 /Applications/STM32CubeIDE.app/Contents/Eclipse/plugins/com.st.stm32cube.ide.mcu.externaltools.gnu-tools-for-stm32.11.3.rel1.macos64_1.1.100.202310310803/tools/bin/../lib/gcc/arm-none-eabi/11.3.1/thumb/v6-m/nofp/libgcc.a(_dvmd_tls.o)
                0x000000000800021c                __aeabi_ldiv0
                0x000000000800021c                __aeabi_idiv0
 *(.text*)
 .text.initialize_user_button
                0x0000000008000220       0x1a ./Core/Src/button_controls.o
                0x0000000008000220                initialize_user_button
 *fill*         0x000000000800023a        0x2 
 .text.EXTI0_1_IRQHandler
                0x000000000800023c       0x74 ./Core/Src/button_controls.o
                0x000000000800023c                EXTI0_1_IRQHandler
 .text.initialize_leds
                0x00000000080002b0       0xf4 ./Core/Src/led_controls.o
                0x00000000080002b0                initialize_leds
 .text.__NVIC_EnableIRQ
                0x00000000080003a4       0x34 ./Core/Src/main.o
 .text.__NVIC_SetPriority
                0x00000000080003d8       0xdc ./Core/Src/main.o
 .text.main     0x00000000080004b4      0x234 ./Core/Src/main.o
                0x00000000080004b4                main
 .text.SystemClock_Config
                0x00000000080006e8       0x80 ./Core/Src/main.o
                0x00000000080006e8                SystemClock_Config
 .text.Error_Handler
                0x0000000008000768        0xa ./Core/Src/main.o
                0x0000000008000768                Error_Handler
 *fill*         0x0000000008000772        0x2 
 .text.HAL_MspInit
                0x0000000008000774       0x48 ./Core/Src/stm32f0xx_hal_msp.o
                0x0000000008000774                HAL_MspInit
 .text.NMI_Handler
                0x00000000080007bc        0x6 ./Core/Src/stm32f0xx_it.o
                0x00000000080007bc                NMI_Handler
 .text.HardFault_Handler
                0x00000000080007c2        0x6 ./Core/Src/stm32f0xx_it.o
                0x00000000080007c2                HardFault_Handler
 .text.SVC_Handler
                0x00000000080007c8        0xa ./Core/Src/stm32f0xx_it.o
                0x00000000080007c8                SVC_Handler
 .text.PendSV_Handler
                0x00000000080007d2        0xa ./Core/Src/stm32f0xx_it.o
                0x00000000080007d2                PendSV_Handler
 .text.TIM2_IRQHandler
                0x00000000080007dc       0x84 ./Core/Src/stm32f0xx_it.o
                0x00000000080007dc                TIM2_IRQHandler
 .text.SysTick_Handler
                0x0000000008000860        0xa ./Core/Src/stm32f0xx_it.o
                0x0000000008000860                SysTick_Handler
 .text.SystemInit
                0x000000000800086a        0xa ./Core/Src/system_stm32f0xx.o
                0x000000000800086a                SystemInit
 .text.Reset_Handler
                0x0000000008000874       0x50 ./Core/Startup/startup_stm32f072r8tx.o
                0x0000000008000874                Reset_Handler
 .text.Default_Handler
                0x00000000080008c4        0x2 ./Core/Startup/startup_stm32f072r8tx.o
                0x00000000080008c4                TIM1_BRK_UP_TRG_COM_IRQHandler
                0x00000000080008c4                TSC_IRQHandler
                0x00000000080008c4                ADC1_COMP_IRQHandler
                0x00000000080008c4                I2C1_IRQHandler
                0x00000000080008c4                RCC_CRS_IRQHandler
                0x00000000080008c4                SPI1_IRQHandler
                0x00000000080008c4                TIM6_DAC_IRQHandler
                0x00000000080008c4                USART3_4_IRQHandler
                0x00000000080008c4                EXTI2_3_IRQHandler
                0x00000000080008c4                I2C2_IRQHandler
                0x00000000080008c4                TIM17_IRQHandler
                0x00000000080008c4                CEC_CAN_IRQHandler
                0x00000000080008c4                RTC_IRQHandler
                0x00000000080008c4                PVD_VDDIO2_IRQHandler
                0x00000000080008c4                DMA1_Channel4_5_6_7_IRQHandler
                0x00000000080008c4                TIM16_IRQHandler
                0x00000000080008c4                TIM3_IRQHandler
                0x00000000080008c4                EXTI4_15_IRQHandler
                0x00000000080008c4                DMA1_Channel1_IRQHandler
                0x00000000080008c4                Default_Handler
                0x00000000080008c4                TIM14_IRQHandler
                0x00000000080008c4                TIM7_IRQHandler
                0x00000000080008c4                TIM15_IRQHandler
                0x00000000080008c4                USB_IRQHandler
                0x00000000080008c4                SPI2_IRQHandler
                0x00000000080008c4                WWDG_IRQHandler
                0x00000000080008c4                DMA1_Channel2_3_IRQHandler
                0x00000000080008c4                USART2_IRQHandler
                0x00000000080008c4                FLASH_IRQHandler
                0x00000000080008c4                USART1_IRQHandler
                0x00000000080008c4                TIM1_CC_IRQHandler
 *fill*         0x00000000080008c6        0x2 
 .text.HAL_Init
                0x00000000080008c8       0x28 ./Drivers/STM32F0xx_HAL_Driver/Src/stm32f0xx_hal.o
                0x00000000080008c8                HAL_Init
 .text.HAL_InitTick
                0x00000000080008f0       0x68 ./Drivers/STM32F0xx_HAL_Driver/Src/stm32f0xx_hal.o
                0x00000000080008f0                HAL_InitTick
 .text.HAL_GetTick
                0x0000000008000958       0x14 ./Drivers/STM32F0xx_HAL_Driver/Src/stm32f0xx_hal.o
                0x0000000008000958                HAL_GetTick
 .text.__NVIC_SetPriority
                0x000000000800096c       0xdc ./Drivers/STM32F0xx_HAL_Driver/Src/stm32f0xx_hal_cortex.o
 .text.SysTick_Config
                0x0000000008000a48       0x48 ./Drivers/STM32F0xx_HAL_Driver/Src/stm32f0xx_hal_cortex.o
 .text.HAL_NVIC_SetPriority
                0x0000000008000a90       0x2a ./Drivers/STM32F0xx_HAL_Driver/Src/stm32f0xx_hal_cortex.o
                0x0000000008000a90                HAL_NVIC_SetPriority
 .text.HAL_SYSTICK_Config
                0x0000000008000aba       0x1a ./Drivers/STM32F0xx_HAL_Driver/Src/stm32f0xx_hal_cortex.o
                0x0000000008000aba                HAL_SYSTICK_Config
 .text.HAL_RCC_OscConfig
                0x0000000008000ad4      0x70c ./Drivers/STM32F0xx_HAL_Driver/Src/stm32f0xx_hal_rcc.o
                0x0000000008000ad4                HAL_RCC_OscConfig
 .text.HAL_RCC_ClockConfig
                0x00000000080011e0      0x1b4 ./Drivers/STM32F0xx_HAL_Driver/Src/stm32f0xx_hal_rcc.o
                0x00000000080011e0                HAL_RCC_ClockConfig
 .text.HAL_RCC_GetSysClockFreq
                0x0000000008001394       0xe4 ./Drivers/STM32F0xx_HAL_Driver/Src/stm32f0xx_hal_rcc.o
                0x0000000008001394                HAL_RCC_GetSysClockFreq
 .text.memset   0x0000000008001478       0x10 /Applications/STM32CubeIDE.app/Contents/Eclipse/plugins/com.st.stm32cube.ide.mcu.externaltools.gnu-tools-for-stm32.11.3.rel1.macos64_1.1.100.202310310803/tools/bin/../lib/gcc/arm-none-eabi/11.3.1/../../../../arm-none-eabi/lib/thumb/v6-m/nofp/libc_nano.a(libc_a-memset.o)
                0x0000000008001478                memset
 .text.__libc_init_array
                0x0000000008001488       0x48 /Applications/STM32CubeIDE.app/Contents/Eclipse/plugins/com.st.stm32cube.ide.mcu.externaltools.gnu-tools-for-stm32.11.3.rel1.macos64_1.1.100.202310310803/tools/bin/../lib/gcc/arm-none-eabi/11.3.1/../../../../arm-none-eabi/lib/thumb/v6-m/nofp/libc_nano.a(libc_a-init.o)
                0x0000000008001488                __libc_init_array
 *(.glue_7)
 .glue_7        0x00000000080014d0        0x0 linker stubs
 *(.glue_7t)
 .glue_7t       0x00000000080014d0        0x0 linker stubs
 *(.eh_frame)
 .eh_frame      0x00000000080014d0        0x0 /Applications/STM32CubeIDE.app/Contents/Eclipse/plugins/com.st.stm32cube.ide.mcu.externaltools.gnu-tools-for-stm32.11.3.rel1.macos64_1.1.100.202310310803/tools/bin/../lib/gcc/arm-none-eabi/11.3.1/thumb/v6-m/nofp/crtbegin.o
 *(.init)
 .init          0x00000000080014d0        0x4 /Applications/STM32CubeIDE.app/Contents/Eclipse/plugins/com.st.stm32cube.ide.mcu.externaltools.gnu-tools-for-stm32.11.3.rel1.macos64_1.1.100.202310310803/tools/bin/../lib/gcc/arm-none-eabi/11.3.1/thumb/v6-m/nofp/crti.o
                0x00000000080014d0                _init
 .init          0x00000000080014d4        0x8 /Applications/STM32CubeIDE.app/Contents/Eclipse/plugins/com.st.stm32cube.ide.mcu.externaltools.gnu-tools-for-stm32.11.3.rel1.macos64_1.1.100.202310310803/tools/bin/../lib/gcc/arm-none-eabi/11.3.1/thumb/v6-m/nofp/crtn.o
 *(.fini)
 .fini          0x00000000080014dc        0x4 /Applications/STM32CubeIDE.app/Contents/Eclipse/plugins/com.st.stm32cube.ide.mcu.externaltools.gnu-tools-for-stm32.11.3.rel1.macos64_1.1.100.202310310803/tools/bin/../lib/gcc/arm-none-eabi/11.3.1/thumb/v6-m/nofp/crti.o
                0x00000000080014dc                _fini
 .fini          0x00000000080014e0        0x8 /Applications/STM32CubeIDE.app/Contents/Eclipse/plugins/com.st.stm32cube.ide.mcu.externaltools.gnu-tools-for-stm32.11.3.rel1.macos64_1.1.100.202310310803/tools/bin/../lib/gcc/arm-none-eabi/11.3.1/thumb/v6-m/nofp/crtn.o
                0x00000000080014e8                . = ALIGN (0x4)
                0x00000000080014e8                _etext = .

.vfp11_veneer   0x00000000080014e8        0x0
 .vfp11_veneer  0x00000000080014e8        0x0 linker stubs

.v4_bx          0x00000000080014e8        0x0
 .v4_bx         0x00000000080014e8        0x0 linker stubs

.iplt           0x00000000080014e8        0x0
 .iplt          0x00000000080014e8        0x0 /Applications/STM32CubeIDE.app/Contents/Eclipse/plugins/com.st.stm32cube.ide.mcu.externaltools.gnu-tools-for-stm32.11.3.rel1.macos64_1.1.100.202310310803/tools/bin/../lib/gcc/arm-none-eabi/11.3.1/thumb/v6-m/nofp/crtbegin.o

.rodata         0x00000000080014e8       0x30
                0x00000000080014e8                . = ALIGN (0x4)
 *(.rodata)
 *(.rodata*)
 .rodata.AHBPrescTable
                0x00000000080014e8       0x10 ./Core/Src/system_stm32f0xx.o
                0x00000000080014e8                AHBPrescTable
 .rodata.aPLLMULFactorTable.1
                0x00000000080014f8       0x10 ./Drivers/STM32F0xx_HAL_Driver/Src/stm32f0xx_hal_rcc.o
 .rodata.aPredivFactorTable.0
                0x0000000008001508       0x10 ./Drivers/STM32F0xx_HAL_Driver/Src/stm32f0xx_hal_rcc.o
                0x0000000008001518                . = ALIGN (0x4)

.rel.dyn        0x0000000008001518        0x0
 .rel.iplt      0x0000000008001518        0x0 /Applications/STM32CubeIDE.app/Contents/Eclipse/plugins/com.st.stm32cube.ide.mcu.externaltools.gnu-tools-for-stm32.11.3.rel1.macos64_1.1.100.202310310803/tools/bin/../lib/gcc/arm-none-eabi/11.3.1/thumb/v6-m/nofp/crtbegin.o

.ARM.extab      0x0000000008001518        0x0
                0x0000000008001518                . = ALIGN (0x4)
 *(.ARM.extab* .gnu.linkonce.armextab.*)
                0x0000000008001518                . = ALIGN (0x4)

.ARM            0x0000000008001518        0x0
                0x0000000008001518                . = ALIGN (0x4)
                0x0000000008001518                __exidx_start = .
 *(.ARM.exidx*)
                0x0000000008001518                __exidx_end = .
                0x0000000008001518                . = ALIGN (0x4)

.preinit_array  0x0000000008001518        0x0
                0x0000000008001518                . = ALIGN (0x4)
                0x0000000008001518                PROVIDE (__preinit_array_start = .)
 *(.preinit_array*)
                0x0000000008001518                PROVIDE (__preinit_array_end = .)
                0x0000000008001518                . = ALIGN (0x4)

.init_array     0x0000000008001518        0x4
                0x0000000008001518                . = ALIGN (0x4)
                0x0000000008001518                PROVIDE (__init_array_start = .)
 *(SORT_BY_NAME(.init_array.*))
 *(.init_array*)
 .init_array    0x0000000008001518        0x4 /Applications/STM32CubeIDE.app/Contents/Eclipse/plugins/com.st.stm32cube.ide.mcu.externaltools.gnu-tools-for-stm32.11.3.rel1.macos64_1.1.100.202310310803/tools/bin/../lib/gcc/arm-none-eabi/11.3.1/thumb/v6-m/nofp/crtbegin.o
                0x000000000800151c                PROVIDE (__init_array_end = .)
                0x000000000800151c                . = ALIGN (0x4)

.fini_array     0x000000000800151c        0x4
                0x000000000800151c                . = ALIGN (0x4)
                [!provide]                        PROVIDE (__fini_array_start = .)
 *(SORT_BY_NAME(.fini_array.*))
 *(.fini_array*)
 .fini_array    0x000000000800151c        0x4 /Applications/STM32CubeIDE.app/Contents/Eclipse/plugins/com.st.stm32cube.ide.mcu.externaltools.gnu-tools-for-stm32.11.3.rel1.macos64_1.1.100.202310310803/tools/bin/../lib/gcc/arm-none-eabi/11.3.1/thumb/v6-m/nofp/crtbegin.o
                [!provide]                        PROVIDE (__fini_array_end = .)
                0x0000000008001520                . = ALIGN (0x4)
                0x0000000008001520                _sidata = LOADADDR (.data)

.data           0x0000000020000000        0xc load address 0x0000000008001520
                0x0000000020000000                . = ALIGN (0x4)
                0x0000000020000000                _sdata = .
 *(.data)
 *(.data*)
 .data.SystemCoreClock
                0x0000000020000000        0x4 ./Core/Src/system_stm32f0xx.o
                0x0000000020000000                SystemCoreClock
 .data.uwTickPrio
                0x0000000020000004        0x4 ./Drivers/STM32F0xx_HAL_Driver/Src/stm32f0xx_hal.o
                0x0000000020000004                uwTickPrio
 .data.uwTickFreq
                0x0000000020000008        0x1 ./Drivers/STM32F0xx_HAL_Driver/Src/stm32f0xx_hal.o
                0x0000000020000008                uwTickFreq
 *(.RamFunc)
 *(.RamFunc*)
                0x000000002000000c                . = ALIGN (0x4)
 *fill*         0x0000000020000009        0x3 
                0x000000002000000c                _edata = .

.igot.plt       0x000000002000000c        0x0 load address 0x000000000800152c
 .igot.plt      0x000000002000000c        0x0 /Applications/STM32CubeIDE.app/Contents/Eclipse/plugins/com.st.stm32cube.ide.mcu.externaltools.gnu-tools-for-stm32.11.3.rel1.macos64_1.1.100.202310310803/tools/bin/../lib/gcc/arm-none-eabi/11.3.1/thumb/v6-m/nofp/crtbegin.o
                0x000000002000000c                . = ALIGN (0x4)

.bss            0x000000002000000c       0x24 load address 0x000000000800152c
                0x000000002000000c                _sbss = .
                0x000000002000000c                __bss_start__ = _sbss
 *(.bss)
 .bss           0x000000002000000c       0x1c /Applications/STM32CubeIDE.app/Contents/Eclipse/plugins/com.st.stm32cube.ide.mcu.externaltools.gnu-tools-for-stm32.11.3.rel1.macos64_1.1.100.202310310803/tools/bin/../lib/gcc/arm-none-eabi/11.3.1/thumb/v6-m/nofp/crtbegin.o
 *(.bss*)
 .bss.TIM2_Interrupt_toggle
                0x0000000020000028        0x1 ./Core/Src/stm32f0xx_it.o
 *fill*         0x0000000020000029        0x3 
 .bss.uwTick    0x000000002000002c        0x4 ./Drivers/STM32F0xx_HAL_Driver/Src/stm32f0xx_hal.o
                0x000000002000002c                uwTick
 *(COMMON)
                0x0000000020000030                . = ALIGN (0x4)
                0x0000000020000030                _ebss = .
                0x0000000020000030                __bss_end__ = _ebss

._user_heap_stack
                0x0000000020000030      0x600 load address 0x000000000800152c
                0x0000000020000030                . = ALIGN (0x8)
                [!provide]                        PROVIDE (end = .)
                0x0000000020000030                PROVIDE (_end = .)
                0x0000000020000230                . = (. + _Min_Heap_Size)
 *fill*         0x0000000020000030      0x200 
                0x0000000020000630                . = (. + _Min_Stack_Size)
 *fill*         0x0000000020000230      0x400 
                0x0000000020000630                . = ALIGN (0x8)

/DISCARD/
 libc.a(*)
 libm.a(*)
 libgcc.a(*)

.ARM.attributes
                0x0000000000000000       0x28
 *(.ARM.attributes)
 .ARM.attributes
                0x0000000000000000       0x1e /Applications/STM32CubeIDE.app/Contents/Eclipse/plugins/com.st.stm32cube.ide.mcu.externaltools.gnu-tools-for-stm32.11.3.rel1.macos64_1.1.100.202310310803/tools/bin/../lib/gcc/arm-none-eabi/11.3.1/thumb/v6-m/nofp/crti.o
 .ARM.attributes
                0x000000000000001e       0x2c /Applications/STM32CubeIDE.app/Contents/Eclipse/plugins/com.st.stm32cube.ide.mcu.externaltools.gnu-tools-for-stm32.11.3.rel1.macos64_1.1.100.202310310803/tools/bin/../lib/gcc/arm-none-eabi/11.3.1/thumb/v6-m/nofp/crtbegin.o
 .ARM.attributes
                0x000000000000004a       0x2c ./Core/Src/button_controls.o
 .ARM.attributes
                0x0000000000000076       0x2c ./Core/Src/led_controls.o
 .ARM.attributes
                0x00000000000000a2       0x2c ./Core/Src/main.o
 .ARM.attributes
                0x00000000000000ce       0x2c ./Core/Src/stm32f0xx_hal_msp.o
 .ARM.attributes
                0x00000000000000fa       0x2c ./Core/Src/stm32f0xx_it.o
 .ARM.attributes
                0x0000000000000126       0x2c ./Core/Src/system_stm32f0xx.o
 .ARM.attributes
                0x0000000000000152       0x21 ./Core/Startup/startup_stm32f072r8tx.o
 .ARM.attributes
                0x0000000000000173       0x2c ./Drivers/STM32F0xx_HAL_Driver/Src/stm32f0xx_hal.o
 .ARM.attributes
                0x000000000000019f       0x2c ./Drivers/STM32F0xx_HAL_Driver/Src/stm32f0xx_hal_cortex.o
 .ARM.attributes
                0x00000000000001cb       0x2c ./Drivers/STM32F0xx_HAL_Driver/Src/stm32f0xx_hal_rcc.o
 .ARM.attributes
                0x00000000000001f7       0x2c /Applications/STM32CubeIDE.app/Contents/Eclipse/plugins/com.st.stm32cube.ide.mcu.externaltools.gnu-tools-for-stm32.11.3.rel1.macos64_1.1.100.202310310803/tools/bin/../lib/gcc/arm-none-eabi/11.3.1/../../../../arm-none-eabi/lib/thumb/v6-m/nofp/libc_nano.a(libc_a-memset.o)
 .ARM.attributes
                0x0000000000000223       0x2c /Applications/STM32CubeIDE.app/Contents/Eclipse/plugins/com.st.stm32cube.ide.mcu.externaltools.gnu-tools-for-stm32.11.3.rel1.macos64_1.1.100.202310310803/tools/bin/../lib/gcc/arm-none-eabi/11.3.1/../../../../arm-none-eabi/lib/thumb/v6-m/nofp/libc_nano.a(libc_a-init.o)
 .ARM.attributes
                0x000000000000024f       0x1e /Applications/STM32CubeIDE.app/Contents/Eclipse/plugins/com.st.stm32cube.ide.mcu.externaltools.gnu-tools-for-stm32.11.3.rel1.macos64_1.1.100.202310310803/tools/bin/../lib/gcc/arm-none-eabi/11.3.1/thumb/v6-m/nofp/libgcc.a(_udivsi3.o)
 .ARM.attributes
                0x000000000000026d       0x1e /Applications/STM32CubeIDE.app/Contents/Eclipse/plugins/com.st.stm32cube.ide.mcu.externaltools.gnu-tools-for-stm32.11.3.rel1.macos64_1.1.100.202310310803/tools/bin/../lib/gcc/arm-none-eabi/11.3.1/thumb/v6-m/nofp/libgcc.a(_dvmd_tls.o)
 .ARM.attributes
                0x000000000000028b       0x1e /Applications/STM32CubeIDE.app/Contents/Eclipse/plugins/com.st.stm32cube.ide.mcu.externaltools.gnu-tools-for-stm32.11.3.rel1.macos64_1.1.100.202310310803/tools/bin/../lib/gcc/arm-none-eabi/11.3.1/thumb/v6-m/nofp/crtn.o
OUTPUT(LAB1_Embedded_Systems.elf elf32-littlearm)
LOAD linker stubs
LOAD /Applications/STM32CubeIDE.app/Contents/Eclipse/plugins/com.st.stm32cube.ide.mcu.externaltools.gnu-tools-for-stm32.11.3.rel1.macos64_1.1.100.202310310803/tools/bin/../lib/gcc/arm-none-eabi/11.3.1/../../../../arm-none-eabi/lib/thumb/v6-m/nofp/libc.a
LOAD /Applications/STM32CubeIDE.app/Contents/Eclipse/plugins/com.st.stm32cube.ide.mcu.externaltools.gnu-tools-for-stm32.11.3.rel1.macos64_1.1.100.202310310803/tools/bin/../lib/gcc/arm-none-eabi/11.3.1/../../../../arm-none-eabi/lib/thumb/v6-m/nofp/libm.a
LOAD /Applications/STM32CubeIDE.app/Contents/Eclipse/plugins/com.st.stm32cube.ide.mcu.externaltools.gnu-tools-for-stm32.11.3.rel1.macos64_1.1.100.202310310803/tools/bin/../lib/gcc/arm-none-eabi/11.3.1/thumb/v6-m/nofp/libgcc.a

.comment        0x0000000000000000       0x43
 .comment       0x0000000000000000       0x43 /Applications/STM32CubeIDE.app/Contents/Eclipse/plugins/com.st.stm32cube.ide.mcu.externaltools.gnu-tools-for-stm32.11.3.rel1.macos64_1.1.100.202310310803/tools/bin/../lib/gcc/arm-none-eabi/11.3.1/thumb/v6-m/nofp/crtbegin.o
                                         0x44 (size before relaxing)
 .comment       0x0000000000000043       0x44 ./Core/Src/button_controls.o
 .comment       0x0000000000000043       0x44 ./Core/Src/led_controls.o
 .comment       0x0000000000000043       0x44 ./Core/Src/main.o
 .comment       0x0000000000000043       0x44 ./Core/Src/stm32f0xx_hal_msp.o
 .comment       0x0000000000000043       0x44 ./Core/Src/stm32f0xx_it.o
 .comment       0x0000000000000043       0x44 ./Core/Src/system_stm32f0xx.o
 .comment       0x0000000000000043       0x44 ./Drivers/STM32F0xx_HAL_Driver/Src/stm32f0xx_hal.o
 .comment       0x0000000000000043       0x44 ./Drivers/STM32F0xx_HAL_Driver/Src/stm32f0xx_hal_cortex.o
 .comment       0x0000000000000043       0x44 ./Drivers/STM32F0xx_HAL_Driver/Src/stm32f0xx_hal_rcc.o

.debug_info     0x0000000000000000     0x2a76
 .debug_info    0x0000000000000000      0x20e ./Core/Src/button_controls.o
 .debug_info    0x000000000000020e      0x29c ./Core/Src/led_controls.o
 .debug_info    0x00000000000004aa      0x901 ./Core/Src/main.o
 .debug_info    0x0000000000000dab      0x199 ./Core/Src/stm32f0xx_hal_msp.o
 .debug_info    0x0000000000000f44      0x300 ./Core/Src/stm32f0xx_it.o
 .debug_info    0x0000000000001244      0x242 ./Core/Src/system_stm32f0xx.o
 .debug_info    0x0000000000001486       0x23 ./Core/Startup/startup_stm32f072r8tx.o
 .debug_info    0x00000000000014a9      0x6c9 ./Drivers/STM32F0xx_HAL_Driver/Src/stm32f0xx_hal.o
 .debug_info    0x0000000000001b72      0x6c5 ./Drivers/STM32F0xx_HAL_Driver/Src/stm32f0xx_hal_cortex.o
 .debug_info    0x0000000000002237      0x83f ./Drivers/STM32F0xx_HAL_Driver/Src/stm32f0xx_hal_rcc.o

.debug_abbrev   0x0000000000000000      0xe57
 .debug_abbrev  0x0000000000000000      0x118 ./Core/Src/button_controls.o
 .debug_abbrev  0x0000000000000118       0xfe ./Core/Src/led_controls.o
 .debug_abbrev  0x0000000000000216      0x259 ./Core/Src/main.o
 .debug_abbrev  0x000000000000046f       0xc6 ./Core/Src/stm32f0xx_hal_msp.o
 .debug_abbrev  0x0000000000000535       0xc9 ./Core/Src/stm32f0xx_it.o
 .debug_abbrev  0x00000000000005fe      0x11c ./Core/Src/system_stm32f0xx.o
 .debug_abbrev  0x000000000000071a       0x12 ./Core/Startup/startup_stm32f072r8tx.o
 .debug_abbrev  0x000000000000072c      0x213 ./Drivers/STM32F0xx_HAL_Driver/Src/stm32f0xx_hal.o
 .debug_abbrev  0x000000000000093f      0x28c ./Drivers/STM32F0xx_HAL_Driver/Src/stm32f0xx_hal_cortex.o
 .debug_abbrev  0x0000000000000bcb      0x28c ./Drivers/STM32F0xx_HAL_Driver/Src/stm32f0xx_hal_rcc.o

.debug_aranges  0x0000000000000000      0x368
 .debug_aranges
                0x0000000000000000       0x30 ./Core/Src/button_controls.o
 .debug_aranges
                0x0000000000000030       0x30 ./Core/Src/led_controls.o
 .debug_aranges
                0x0000000000000060       0x40 ./Core/Src/main.o
 .debug_aranges
                0x00000000000000a0       0x20 ./Core/Src/stm32f0xx_hal_msp.o
 .debug_aranges
                0x00000000000000c0       0x48 ./Core/Src/stm32f0xx_it.o
 .debug_aranges
                0x0000000000000108       0x28 ./Core/Src/system_stm32f0xx.o
 .debug_aranges
                0x0000000000000130       0x28 ./Core/Startup/startup_stm32f072r8tx.o
 .debug_aranges
                0x0000000000000158       0xd0 ./Drivers/STM32F0xx_HAL_Driver/Src/stm32f0xx_hal.o
 .debug_aranges
                0x0000000000000228       0xc0 ./Drivers/STM32F0xx_HAL_Driver/Src/stm32f0xx_hal_cortex.o
 .debug_aranges
                0x00000000000002e8       0x80 ./Drivers/STM32F0xx_HAL_Driver/Src/stm32f0xx_hal_rcc.o

.debug_rnglists
                0x0000000000000000      0x269
 .debug_rnglists
                0x0000000000000000       0x1f ./Core/Src/button_controls.o
 .debug_rnglists
                0x000000000000001f       0x20 ./Core/Src/led_controls.o
 .debug_rnglists
                0x000000000000003f       0x2e ./Core/Src/main.o
 .debug_rnglists
                0x000000000000006d       0x13 ./Core/Src/stm32f0xx_hal_msp.o
 .debug_rnglists
                0x0000000000000080       0x32 ./Core/Src/stm32f0xx_it.o
 .debug_rnglists
                0x00000000000000b2       0x1a ./Core/Src/system_stm32f0xx.o
 .debug_rnglists
                0x00000000000000cc       0x19 ./Core/Startup/startup_stm32f072r8tx.o
 .debug_rnglists
                0x00000000000000e5       0x97 ./Drivers/STM32F0xx_HAL_Driver/Src/stm32f0xx_hal.o
 .debug_rnglists
                0x000000000000017c       0x8c ./Drivers/STM32F0xx_HAL_Driver/Src/stm32f0xx_hal_cortex.o
 .debug_rnglists
                0x0000000000000208       0x61 ./Drivers/STM32F0xx_HAL_Driver/Src/stm32f0xx_hal_rcc.o

.debug_macro    0x0000000000000000    0x17a2a
 .debug_macro   0x0000000000000000      0x1c5 ./Core/Src/button_controls.o
 .debug_macro   0x00000000000001c5      0xa7e ./Core/Src/button_controls.o
 .debug_macro   0x0000000000000c43       0x22 ./Core/Src/button_controls.o
 .debug_macro   0x0000000000000c65       0x22 ./Core/Src/button_controls.o
 .debug_macro   0x0000000000000c87       0x8e ./Core/Src/button_controls.o
 .debug_macro   0x0000000000000d15       0x51 ./Core/Src/button_controls.o
 .debug_macro   0x0000000000000d66      0x103 ./Core/Src/button_controls.o
 .debug_macro   0x0000000000000e69       0x6a ./Core/Src/button_controls.o
 .debug_macro   0x0000000000000ed3      0x1df ./Core/Src/button_controls.o
 .debug_macro   0x00000000000010b2       0x1c ./Core/Src/button_controls.o
 .debug_macro   0x00000000000010ce       0x22 ./Core/Src/button_controls.o
 .debug_macro   0x00000000000010f0       0xaf ./Core/Src/button_controls.o
 .debug_macro   0x000000000000119f      0x391 ./Core/Src/button_controls.o
 .debug_macro   0x0000000000001530     0xfe73 ./Core/Src/button_controls.o
 .debug_macro   0x00000000000113a3       0x2e ./Core/Src/button_controls.o
 .debug_macro   0x00000000000113d1       0x66 ./Core/Src/button_controls.o
 .debug_macro   0x0000000000011437      0x127 ./Core/Src/button_controls.o
 .debug_macro   0x000000000001155e     0x34be ./Core/Src/button_controls.o
 .debug_macro   0x0000000000014a1c      0x174 ./Core/Src/button_controls.o
 .debug_macro   0x0000000000014b90       0x55 ./Core/Src/button_controls.o
 .debug_macro   0x0000000000014be5      0x946 ./Core/Src/button_controls.o
 .debug_macro   0x000000000001552b      0x5f3 ./Core/Src/button_controls.o
 .debug_macro   0x0000000000015b1e      0x1ae ./Core/Src/button_controls.o
 .debug_macro   0x0000000000015ccc      0x1a7 ./Core/Src/button_controls.o
 .debug_macro   0x0000000000015e73      0x1a7 ./Core/Src/button_controls.o
 .debug_macro   0x000000000001601a      0x22c ./Core/Src/button_controls.o
 .debug_macro   0x0000000000016246       0x34 ./Core/Src/button_controls.o
 .debug_macro   0x000000000001627a       0x43 ./Core/Src/button_controls.o
 .debug_macro   0x00000000000162bd       0x28 ./Core/Src/button_controls.o
 .debug_macro   0x00000000000162e5       0xb0 ./Core/Src/button_controls.o
 .debug_macro   0x0000000000016395      0x217 ./Core/Src/button_controls.o
 .debug_macro   0x00000000000165ac      0x22c ./Core/Src/button_controls.o
 .debug_macro   0x00000000000167d8       0x61 ./Core/Src/button_controls.o
 .debug_macro   0x0000000000016839       0xa5 ./Core/Src/button_controls.o
 .debug_macro   0x00000000000168de       0x4c ./Core/Src/button_controls.o
 .debug_macro   0x000000000001692a      0x16d ./Core/Src/button_controls.o
 .debug_macro   0x0000000000016a97      0x130 ./Core/Src/button_controls.o
 .debug_macro   0x0000000000016bc7       0x22 ./Core/Src/button_controls.o
 .debug_macro   0x0000000000016be9       0x16 ./Core/Src/button_controls.o
 .debug_macro   0x0000000000016bff       0x2e ./Core/Src/button_controls.o
 .debug_macro   0x0000000000016c2d      0x1b6 ./Core/Src/led_controls.o
 .debug_macro   0x0000000000016de3       0x28 ./Core/Src/led_controls.o
 .debug_macro   0x0000000000016e0b      0x1cf ./Core/Src/main.o
 .debug_macro   0x0000000000016fda       0x1c ./Core/Src/main.o
 .debug_macro   0x0000000000016ff6      0x1c3 ./Core/Src/stm32f0xx_hal_msp.o
 .debug_macro   0x00000000000171b9      0x1d3 ./Core/Src/stm32f0xx_it.o
 .debug_macro   0x000000000001738c      0x19a ./Core/Src/system_stm32f0xx.o
 .debug_macro   0x0000000000017526      0x1be ./Drivers/STM32F0xx_HAL_Driver/Src/stm32f0xx_hal.o
 .debug_macro   0x00000000000176e4      0x19a ./Drivers/STM32F0xx_HAL_Driver/Src/stm32f0xx_hal_cortex.o
 .debug_macro   0x000000000001787e      0x1ac ./Drivers/STM32F0xx_HAL_Driver/Src/stm32f0xx_hal_rcc.o

.debug_line     0x0000000000000000     0x4da8
 .debug_line    0x0000000000000000      0x748 ./Core/Src/button_controls.o
 .debug_line    0x0000000000000748      0x773 ./Core/Src/led_controls.o
 .debug_line    0x0000000000000ebb      0x883 ./Core/Src/main.o
 .debug_line    0x000000000000173e      0x6e3 ./Core/Src/stm32f0xx_hal_msp.o
 .debug_line    0x0000000000001e21      0x773 ./Core/Src/stm32f0xx_it.o
 .debug_line    0x0000000000002594      0x723 ./Core/Src/system_stm32f0xx.o
 .debug_line    0x0000000000002cb7       0x7b ./Core/Startup/startup_stm32f072r8tx.o
 .debug_line    0x0000000000002d32      0x916 ./Drivers/STM32F0xx_HAL_Driver/Src/stm32f0xx_hal.o
 .debug_line    0x0000000000003648      0x9c2 ./Drivers/STM32F0xx_HAL_Driver/Src/stm32f0xx_hal_cortex.o
 .debug_line    0x000000000000400a      0xd9e ./Drivers/STM32F0xx_HAL_Driver/Src/stm32f0xx_hal_rcc.o

.debug_str      0x0000000000000000    0x8793c
 .debug_str     0x0000000000000000    0x86b46 ./Core/Src/button_controls.o
                                      0x86dac (size before relaxing)
 .debug_str     0x0000000000086b46       0xaf ./Core/Src/led_controls.o
                                      0x86d3c (size before relaxing)
 .debug_str     0x0000000000086bf5      0x420 ./Core/Src/main.o
                                      0x872a5 (size before relaxing)
 .debug_str     0x0000000000087015       0x33 ./Core/Src/stm32f0xx_hal_msp.o
                                      0x86d4c (size before relaxing)
 .debug_str     0x0000000000087048       0xf5 ./Core/Src/stm32f0xx_it.o
                                      0x86e4a (size before relaxing)
 .debug_str     0x000000000008713d       0x8b ./Core/Src/system_stm32f0xx.o
                                      0x86c13 (size before relaxing)
 .debug_str     0x00000000000871c8       0x34 ./Core/Startup/startup_stm32f072r8tx.o
                                         0x83 (size before relaxing)
 .debug_str     0x00000000000871fc      0x3ac ./Drivers/STM32F0xx_HAL_Driver/Src/stm32f0xx_hal.o
                                      0x87209 (size before relaxing)
 .debug_str     0x00000000000875a8      0x146 ./Drivers/STM32F0xx_HAL_Driver/Src/stm32f0xx_hal_cortex.o
                                      0x86ffa (size before relaxing)
 .debug_str     0x00000000000876ee      0x24e ./Drivers/STM32F0xx_HAL_Driver/Src/stm32f0xx_hal_rcc.o
                                      0x8705a (size before relaxing)

.debug_frame    0x0000000000000000      0x9fc
 .debug_frame   0x0000000000000000       0x68 ./Core/Src/button_controls.o
 .debug_frame   0x0000000000000068       0x6c ./Core/Src/led_controls.o
 .debug_frame   0x00000000000000d4       0xac ./Core/Src/main.o
 .debug_frame   0x0000000000000180       0x30 ./Core/Src/stm32f0xx_hal_msp.o
 .debug_frame   0x00000000000001b0       0xb8 ./Core/Src/stm32f0xx_it.o
 .debug_frame   0x0000000000000268       0x4c ./Core/Src/system_stm32f0xx.o
 .debug_frame   0x00000000000002b4      0x2a4 ./Drivers/STM32F0xx_HAL_Driver/Src/stm32f0xx_hal.o
 .debug_frame   0x0000000000000558      0x2a0 ./Drivers/STM32F0xx_HAL_Driver/Src/stm32f0xx_hal_cortex.o
 .debug_frame   0x00000000000007f8      0x198 ./Drivers/STM32F0xx_HAL_Driver/Src/stm32f0xx_hal_rcc.o
 .debug_frame   0x0000000000000990       0x20 /Applications/STM32CubeIDE.app/Contents/Eclipse/plugins/com.st.stm32cube.ide.mcu.externaltools.gnu-tools-for-stm32.11.3.rel1.macos64_1.1.100.202310310803/tools/bin/../lib/gcc/arm-none-eabi/11.3.1/../../../../arm-none-eabi/lib/thumb/v6-m/nofp/libc_nano.a(libc_a-memset.o)
 .debug_frame   0x00000000000009b0       0x2c /Applications/STM32CubeIDE.app/Contents/Eclipse/plugins/com.st.stm32cube.ide.mcu.externaltools.gnu-tools-for-stm32.11.3.rel1.macos64_1.1.100.202310310803/tools/bin/../lib/gcc/arm-none-eabi/11.3.1/../../../../arm-none-eabi/lib/thumb/v6-m/nofp/libc_nano.a(libc_a-init.o)
 .debug_frame   0x00000000000009dc       0x20 /Applications/STM32CubeIDE.app/Contents/Eclipse/plugins/com.st.stm32cube.ide.mcu.externaltools.gnu-tools-for-stm32.11.3.rel1.macos64_1.1.100.202310310803/tools/bin/../lib/gcc/arm-none-eabi/11.3.1/thumb/v6-m/nofp/libgcc.a(_udivsi3.o)

.debug_line_str
                0x0000000000000000       0x77
 .debug_line_str
                0x0000000000000000       0x77 ./Core/Startup/startup_stm32f072r8tx.o
                                         0x8f (size before relaxing)
